1) (2 tč.) Kateri datotečni sistem najpogosteje srečamo na operacijskih sistemih Linux?
Najpogosteje srećamo ext4, na malo starejših pa ext3. V datoteki /etc/fstab lahko vidimo, da je po standardu zabeleženo naj se nove datotečni sistem / datoteke kreirajo po ext4.
UUID=e2b8f844-9f18-47d2-9359-3c71a391d60d /               ext4    errors=remount-ro 0       1

2) (2 tč.) Kakšen tip datotek najpogosteje shranjujemo v direktorij /var? Zakaj je priporočljivo za ta direktorij narediti ločeno particijo?
V var direktorij shranjumemo začasne konfiguracijske datoteke, ki so vezane na čas oziroma določeno sejo. Priporočeno je ločiti var particijo zaradi večkratnega pisanja/brisanja
datotek, ki puščajo "luknje" v naši particiji. Večkratno je nato zaželjeno particijo formatirati, ki resetira vse pomnilniške alokacije na tistem mestu. Omogoča pa nam tudi spremembo pravic do particije.

3) (4 tč.) Kreirajte novi datotečni sistem ext3 na pogonu sdb1, ga dodajte v /etc/fstab, in ga priključite kot direktorij /data s privzetimi opcijami tega ukaza (podobno kot priključen /). Prikažite izhod ukaza "df -hl".

┌──(aleks㉿aleks)-[~/Desktop/UM-FERI-RIT/SA]
└─$ sudo mkdir /data

┌──(aleks㉿aleks)-[~/Desktop/UM-FERI-RIT/SA]
└─$ cd /data

┌──(aleks㉿aleks)-[/data]
└─$ sudo fallocate -l 5G NewStorage

┌──(aleks㉿aleks)-[/data]
└─$ ls -lh
total 5.1G
-rw-r--r-- 1 root root 5.0G Mar 15 08:16 NewStorage

sudo mkfs.ext3 NewStorage
mke2fs 1.46.5 (30-Dec-2021)
Discarding device blocks: done
Creating filesystem with 1310720 4k blocks and 327680 inodes
Filesystem UUID: c29c3060-2c7e-47bc-a0b6-694b20463e97
Superblock backups stored on blocks:
        32768, 98304, 163840, 229376, 294912, 819200, 884736

Allocating group tables: done
Writing inode tables: done
Creating journal (16384 blocks): done
Writing superblocks and filesystem accounting information: done

┌──(aleks㉿aleks)-[/data]
└─$ echo "/dev/loop0 /data ext3 defaults 1 2" >> /etc/fstab

┌──(aleks㉿aleks)-[/data]
└─$ mount -a

┌──(aleks㉿aleks)-[/]
└─$ sudo df -hl
Filesystem      Size  Used Avail Use% Mounted on
udev            7.7G     0  7.7G   0% /dev
tmpfs           1.6G  1.7M  1.6G   1% /run
/dev/nvme0n1p2  467G  102G  342G  23% /
tmpfs           7.8G   46M  7.7G   1% /dev/shm
tmpfs           5.0M     0  5.0M   0% /run/lock
/dev/nvme0n1p1  511M  148K  511M   1% /boot/efi
tmpfs           1.6G   72K  1.6G   1% /run/user/1000
/dev/loop0      4.9G   92K  4.6G   1% /data

4) (2 tč.) Kakšen ukaz je potrebno zagnati, da vidimo ocenjeno uporabljeno velikost diskovnega prostora v direktoriju /var?
du -h /var
4.0K    /var/spool/rsyslog
36K     /var/spool
9.8G    /var

df -h /var
Filesystem      Size  Used Avail Use% Mounted on
/dev/nvme0n1p2  467G  101G  343G  23% /
